[1.363s] Invoking command in '/home/student/ros2_ws/build/my_robot_controller': PYTHONPATH=/home/student/ros2_ws/build/my_robot_controller/prefix_override:/usr/lib/python3/dist-packages/colcon_core/task/python/colcon_distutils_commands:/home/student/ros2_ws/install/my_robot_controller/lib/python3.12/site-packages:${PYTHONPATH} /usr/bin/python3 -W ignore:setup.py install is deprecated -W ignore:easy_install command is deprecated setup.py develop --editable --build-directory /home/student/ros2_ws/build/my_robot_controller/build --no-deps symlink_data
[1.758s] running develop
[2.021s] running egg_info
[2.046s] writing my_robot_controller.egg-info/PKG-INFO
[2.046s] writing dependency_links to my_robot_controller.egg-info/dependency_links.txt
[2.047s] writing entry points to my_robot_controller.egg-info/entry_points.txt
[2.047s] writing requirements to my_robot_controller.egg-info/requires.txt
[2.047s] writing top-level names to my_robot_controller.egg-info/top_level.txt
[2.099s] reading manifest file 'my_robot_controller.egg-info/SOURCES.txt'
[2.101s] writing manifest file 'my_robot_controller.egg-info/SOURCES.txt'
[2.125s] running build_ext
[2.125s] Creating /home/student/ros2_ws/install/my_robot_controller/lib/python3.12/site-packages/my-robot-controller.egg-link (link to .)
[2.126s] Installing battery_node script to /home/student/ros2_ws/install/my_robot_controller/lib/my_robot_controller
[2.127s] Installing car script to /home/student/ros2_ws/install/my_robot_controller/lib/my_robot_controller
[2.128s] Installing encoder_simulator script to /home/student/ros2_ws/install/my_robot_controller/lib/my_robot_controller
[2.128s] Installing imu_reader script to /home/student/ros2_ws/install/my_robot_controller/lib/my_robot_controller
[2.128s] Installing imu_simulator script to /home/student/ros2_ws/install/my_robot_controller/lib/my_robot_controller
[2.129s] Installing lidar_simulator script to /home/student/ros2_ws/install/my_robot_controller/lib/my_robot_controller
[2.129s] Installing my_first_node script to /home/student/ros2_ws/install/my_robot_controller/lib/my_robot_controller
[2.129s] Installing my_second_node script to /home/student/ros2_ws/install/my_robot_controller/lib/my_robot_controller
[2.131s] Installing robot_news_station script to /home/student/ros2_ws/install/my_robot_controller/lib/my_robot_controller
[2.131s] Installing sensor_fusion script to /home/student/ros2_ws/install/my_robot_controller/lib/my_robot_controller
[2.131s] Installing smartphone script to /home/student/ros2_ws/install/my_robot_controller/lib/my_robot_controller
[2.133s] Installing static_transform_publisher script to /home/student/ros2_ws/install/my_robot_controller/lib/my_robot_controller
[2.133s] Installing stm32_bridge script to /home/student/ros2_ws/install/my_robot_controller/lib/my_robot_controller
[2.133s] Installing system_monitor script to /home/student/ros2_ws/install/my_robot_controller/lib/my_robot_controller
[2.134s] Installing temperature_sensor script to /home/student/ros2_ws/install/my_robot_controller/lib/my_robot_controller
[2.134s] Installing traffic_light script to /home/student/ros2_ws/install/my_robot_controller/lib/my_robot_controller
[2.136s] Installing wheel_odometry script to /home/student/ros2_ws/install/my_robot_controller/lib/my_robot_controller
[2.138s] 
[2.139s] Installed /home/student/ros2_ws/build/my_robot_controller
[2.139s] running symlink_data
[2.172s] Invoked command in '/home/student/ros2_ws/build/my_robot_controller' returned '0': PYTHONPATH=/home/student/ros2_ws/build/my_robot_controller/prefix_override:/usr/lib/python3/dist-packages/colcon_core/task/python/colcon_distutils_commands:/home/student/ros2_ws/install/my_robot_controller/lib/python3.12/site-packages:${PYTHONPATH} /usr/bin/python3 -W ignore:setup.py install is deprecated -W ignore:easy_install command is deprecated setup.py develop --editable --build-directory /home/student/ros2_ws/build/my_robot_controller/build --no-deps symlink_data
