running egg_info
writing ../../build/exam_robot/exam_robot.egg-info/PKG-INFO
writing dependency_links to ../../build/exam_robot/exam_robot.egg-info/dependency_links.txt
writing entry points to ../../build/exam_robot/exam_robot.egg-info/entry_points.txt
writing requirements to ../../build/exam_robot/exam_robot.egg-info/requires.txt
writing top-level names to ../../build/exam_robot/exam_robot.egg-info/top_level.txt
reading manifest file '../../build/exam_robot/exam_robot.egg-info/SOURCES.txt'
writing manifest file '../../build/exam_robot/exam_robot.egg-info/SOURCES.txt'
running build
running build_py
copying exam_robot/distance_sensor.py -> /home/student/ros2_ws/build/exam_robot/build/lib/exam_robot
copying exam_robot/robot_controller.py -> /home/student/ros2_ws/build/exam_robot/build/lib/exam_robot
copying exam_robot/status_display.py -> /home/student/ros2_ws/build/exam_robot/build/lib/exam_robot
copying exam_robot/battery_node.py -> /home/student/ros2_ws/build/exam_robot/build/lib/exam_robot
running install
running install_lib
copying /home/student/ros2_ws/build/exam_robot/build/lib/exam_robot/distance_sensor.py -> /home/student/ros2_ws/install/exam_robot/lib/python3.12/site-packages/exam_robot
copying /home/student/ros2_ws/build/exam_robot/build/lib/exam_robot/robot_controller.py -> /home/student/ros2_ws/install/exam_robot/lib/python3.12/site-packages/exam_robot
copying /home/student/ros2_ws/build/exam_robot/build/lib/exam_robot/status_display.py -> /home/student/ros2_ws/install/exam_robot/lib/python3.12/site-packages/exam_robot
copying /home/student/ros2_ws/build/exam_robot/build/lib/exam_robot/battery_node.py -> /home/student/ros2_ws/install/exam_robot/lib/python3.12/site-packages/exam_robot
byte-compiling /home/student/ros2_ws/install/exam_robot/lib/python3.12/site-packages/exam_robot/distance_sensor.py to distance_sensor.cpython-312.pyc
  File "/home/student/ros2_ws/install/exam_robot/lib/python3.12/site-packages/exam_robot/distance_sensor.py", line 37
    elif self.distance = 3.0
         ^^^^^^^^^^^^^
SyntaxError: cannot assign to attribute here. Maybe you meant '==' instead of '='?

byte-compiling /home/student/ros2_ws/install/exam_robot/lib/python3.12/site-packages/exam_robot/robot_controller.py to robot_controller.cpython-312.pyc
  File "/home/student/ros2_ws/install/exam_robot/lib/python3.12/site-packages/exam_robot/robot_controller.py", line 41
    elif self.status = "WARNING: Low battery":
         ^^^^^^^^^^^
SyntaxError: cannot assign to attribute here. Maybe you meant '==' instead of '='?

byte-compiling /home/student/ros2_ws/install/exam_robot/lib/python3.12/site-packages/exam_robot/status_display.py to status_display.cpython-312.pyc
byte-compiling /home/student/ros2_ws/install/exam_robot/lib/python3.12/site-packages/exam_robot/battery_node.py to battery_node.cpython-312.pyc
running install_data
running install_egg_info
removing '/home/student/ros2_ws/install/exam_robot/lib/python3.12/site-packages/exam_robot-0.0.0-py3.12.egg-info' (and everything under it)
Copying ../../build/exam_robot/exam_robot.egg-info to /home/student/ros2_ws/install/exam_robot/lib/python3.12/site-packages/exam_robot-0.0.0-py3.12.egg-info
running install_scripts
Installing battey_node script to /home/student/ros2_ws/install/exam_robot/lib/exam_robot
Installing distance_sensor script to /home/student/ros2_ws/install/exam_robot/lib/exam_robot
Installing robot_controller script to /home/student/ros2_ws/install/exam_robot/lib/exam_robot
Installing status_display script to /home/student/ros2_ws/install/exam_robot/lib/exam_robot
writing list of installed files to '/home/student/ros2_ws/build/exam_robot/install.log'
