[1.516s] Invoking command in '/home/student/ros2_ws/build/my_robot_controller': PYTHONPATH=/home/student/ros2_ws/build/my_robot_controller/prefix_override:/usr/lib/python3/dist-packages/colcon_core/task/python/colcon_distutils_commands:/home/student/ros2_ws/install/my_robot_controller/lib/python3.12/site-packages:${PYTHONPATH} /usr/bin/python3 -W ignore:setup.py install is deprecated -W ignore:easy_install command is deprecated setup.py develop --editable --build-directory /home/student/ros2_ws/build/my_robot_controller/build --no-deps symlink_data
[1.917s] running develop
[2.181s] running egg_info
[2.203s] writing my_robot_controller.egg-info/PKG-INFO
[2.204s] writing dependency_links to my_robot_controller.egg-info/dependency_links.txt
[2.204s] writing entry points to my_robot_controller.egg-info/entry_points.txt
[2.204s] writing requirements to my_robot_controller.egg-info/requires.txt
[2.204s] writing top-level names to my_robot_controller.egg-info/top_level.txt
[2.267s] reading manifest file 'my_robot_controller.egg-info/SOURCES.txt'
[2.268s] writing manifest file 'my_robot_controller.egg-info/SOURCES.txt'
[2.319s] running build_ext
[2.320s] Creating /home/student/ros2_ws/install/my_robot_controller/lib/python3.12/site-packages/my-robot-controller.egg-link (link to .)
[2.321s] Installing my_first_node script to /home/student/ros2_ws/install/my_robot_controller/lib/my_robot_controller
[2.322s] Installing my_second_node script to /home/student/ros2_ws/install/my_robot_controller/lib/my_robot_controller
[2.322s] Installing robot_news_station script to /home/student/ros2_ws/install/my_robot_controller/lib/my_robot_controller
[2.323s] Installing smartphone script to /home/student/ros2_ws/install/my_robot_controller/lib/my_robot_controller
[2.323s] Installing temperature_sensor script to /home/student/ros2_ws/install/my_robot_controller/lib/my_robot_controller
[2.324s] 
[2.324s] Installed /home/student/ros2_ws/build/my_robot_controller
[2.324s] running symlink_data
[2.364s] Invoked command in '/home/student/ros2_ws/build/my_robot_controller' returned '0': PYTHONPATH=/home/student/ros2_ws/build/my_robot_controller/prefix_override:/usr/lib/python3/dist-packages/colcon_core/task/python/colcon_distutils_commands:/home/student/ros2_ws/install/my_robot_controller/lib/python3.12/site-packages:${PYTHONPATH} /usr/bin/python3 -W ignore:setup.py install is deprecated -W ignore:easy_install command is deprecated setup.py develop --editable --build-directory /home/student/ros2_ws/build/my_robot_controller/build --no-deps symlink_data
