[1.396s] Invoking command in '/home/student/ros2_ws/build/exam_robot': PYTHONPATH=/home/student/ros2_ws/build/exam_robot/prefix_override:/usr/lib/python3/dist-packages/colcon_core/task/python/colcon_distutils_commands:/home/student/ros2_ws/install/exam_robot/lib/python3.12/site-packages:${PYTHONPATH} /usr/bin/python3 -W ignore:setup.py install is deprecated -W ignore:easy_install command is deprecated setup.py develop --editable --build-directory /home/student/ros2_ws/build/exam_robot/build --no-deps symlink_data
[1.785s] running develop
[2.054s] running egg_info
[2.076s] writing exam_robot.egg-info/PKG-INFO
[2.077s] writing dependency_links to exam_robot.egg-info/dependency_links.txt
[2.077s] writing entry points to exam_robot.egg-info/entry_points.txt
[2.077s] writing requirements to exam_robot.egg-info/requires.txt
[2.077s] writing top-level names to exam_robot.egg-info/top_level.txt
[2.128s] reading manifest file 'exam_robot.egg-info/SOURCES.txt'
[2.129s] writing manifest file 'exam_robot.egg-info/SOURCES.txt'
[2.154s] running build_ext
[2.154s] Creating /home/student/ros2_ws/install/exam_robot/lib/python3.12/site-packages/exam-robot.egg-link (link to .)
[2.154s] Installing battery_node script to /home/student/ros2_ws/install/exam_robot/lib/exam_robot
[2.155s] Installing distance_sensor script to /home/student/ros2_ws/install/exam_robot/lib/exam_robot
[2.155s] Installing robot_controller script to /home/student/ros2_ws/install/exam_robot/lib/exam_robot
[2.155s] Installing status_display script to /home/student/ros2_ws/install/exam_robot/lib/exam_robot
[2.155s] 
[2.155s] Installed /home/student/ros2_ws/build/exam_robot
[2.155s] running symlink_data
[2.186s] Invoked command in '/home/student/ros2_ws/build/exam_robot' returned '0': PYTHONPATH=/home/student/ros2_ws/build/exam_robot/prefix_override:/usr/lib/python3/dist-packages/colcon_core/task/python/colcon_distutils_commands:/home/student/ros2_ws/install/exam_robot/lib/python3.12/site-packages:${PYTHONPATH} /usr/bin/python3 -W ignore:setup.py install is deprecated -W ignore:easy_install command is deprecated setup.py develop --editable --build-directory /home/student/ros2_ws/build/exam_robot/build --no-deps symlink_data
