[1.294s] Invoking command in '/home/student/ros2_ws/build/exam_robot': PYTHONPATH=/home/student/ros2_ws/build/exam_robot/prefix_override:/usr/lib/python3/dist-packages/colcon_core/task/python/colcon_distutils_commands:/home/student/ros2_ws/install/exam_robot/lib/python3.12/site-packages:${PYTHONPATH} /usr/bin/python3 -W ignore:setup.py install is deprecated -W ignore:easy_install command is deprecated setup.py develop --editable --build-directory /home/student/ros2_ws/build/exam_robot/build --no-deps symlink_data --force
[1.680s] running develop
[1.934s] running egg_info
[1.959s] writing exam_robot.egg-info/PKG-INFO
[1.959s] writing dependency_links to exam_robot.egg-info/dependency_links.txt
[1.959s] writing entry points to exam_robot.egg-info/entry_points.txt
[1.960s] writing requirements to exam_robot.egg-info/requires.txt
[1.960s] writing top-level names to exam_robot.egg-info/top_level.txt
[2.010s] reading manifest file 'exam_robot.egg-info/SOURCES.txt'
[2.011s] writing manifest file 'exam_robot.egg-info/SOURCES.txt'
[2.035s] running build_ext
[2.039s] Creating /home/student/ros2_ws/install/exam_robot/lib/python3.12/site-packages/exam-robot.egg-link (link to .)
[2.040s] Installing battey_node script to /home/student/ros2_ws/install/exam_robot/lib/exam_robot
[2.040s] Installing distance_sensor script to /home/student/ros2_ws/install/exam_robot/lib/exam_robot
[2.041s] Installing robot_controller script to /home/student/ros2_ws/install/exam_robot/lib/exam_robot
[2.041s] Installing status_display script to /home/student/ros2_ws/install/exam_robot/lib/exam_robot
[2.041s] 
[2.041s] Installed /home/student/ros2_ws/build/exam_robot
[2.041s] running symlink_data
[2.042s] symbolically linking /home/student/ros2_ws/build/exam_robot/resource/exam_robot -> /home/student/ros2_ws/install/exam_robot/share/ament_index/resource_index/packages
[2.042s] symbolically linking /home/student/ros2_ws/build/exam_robot/package.xml -> /home/student/ros2_ws/install/exam_robot/share/exam_robot
[2.042s] creating /home/student/ros2_ws/install/exam_robot/share/exam_robot/launch
[2.043s] error: [Errno 2] No such file or directory: '/home/student/ros2_ws/install/exam_robot/share/exam_robot/launch/robot_system.launch.py'
[2.069s] Invoked command in '/home/student/ros2_ws/build/exam_robot' returned '1': PYTHONPATH=/home/student/ros2_ws/build/exam_robot/prefix_override:/usr/lib/python3/dist-packages/colcon_core/task/python/colcon_distutils_commands:/home/student/ros2_ws/install/exam_robot/lib/python3.12/site-packages:${PYTHONPATH} /usr/bin/python3 -W ignore:setup.py install is deprecated -W ignore:easy_install command is deprecated setup.py develop --editable --build-directory /home/student/ros2_ws/build/exam_robot/build --no-deps symlink_data --force
