[2.547s] Invoking command in '/home/student/ros2_ws/build/my_robot_controller': PYTHONPATH=/home/student/ros2_ws/build/my_robot_controller/prefix_override:/usr/lib/python3/dist-packages/colcon_core/task/python/colcon_distutils_commands:/home/student/ros2_ws/install/my_robot_controller/lib/python3.12/site-packages:${PYTHONPATH} /usr/bin/python3 -W ignore:setup.py install is deprecated -W ignore:easy_install command is deprecated setup.py develop --editable --build-directory /home/student/ros2_ws/build/my_robot_controller/build --no-deps symlink_data
[3.503s] running develop
[4.104s] running egg_info
[4.172s] writing my_robot_controller.egg-info/PKG-INFO
[4.172s] writing dependency_links to my_robot_controller.egg-info/dependency_links.txt
[4.172s] writing entry points to my_robot_controller.egg-info/entry_points.txt
[4.173s] writing requirements to my_robot_controller.egg-info/requires.txt
[4.173s] writing top-level names to my_robot_controller.egg-info/top_level.txt
[4.298s] reading manifest file 'my_robot_controller.egg-info/SOURCES.txt'
[4.301s] writing manifest file 'my_robot_controller.egg-info/SOURCES.txt'
[4.370s] running build_ext
[4.370s] Creating /home/student/ros2_ws/install/my_robot_controller/lib/python3.12/site-packages/my-robot-controller.egg-link (link to .)
[4.371s] Installing battery_node script to /home/student/ros2_ws/install/my_robot_controller/lib/my_robot_controller
[4.376s] Installing car script to /home/student/ros2_ws/install/my_robot_controller/lib/my_robot_controller
[4.377s] Installing encoder_simulator script to /home/student/ros2_ws/install/my_robot_controller/lib/my_robot_controller
[4.377s] Installing imu_reader script to /home/student/ros2_ws/install/my_robot_controller/lib/my_robot_controller
[4.378s] Installing imu_simulator script to /home/student/ros2_ws/install/my_robot_controller/lib/my_robot_controller
[4.378s] Installing lidar_simulator script to /home/student/ros2_ws/install/my_robot_controller/lib/my_robot_controller
[4.379s] Installing my_first_node script to /home/student/ros2_ws/install/my_robot_controller/lib/my_robot_controller
[4.379s] Installing my_second_node script to /home/student/ros2_ws/install/my_robot_controller/lib/my_robot_controller
[4.379s] Installing robot_news_station script to /home/student/ros2_ws/install/my_robot_controller/lib/my_robot_controller
[4.380s] Installing smartphone script to /home/student/ros2_ws/install/my_robot_controller/lib/my_robot_controller
[4.380s] Installing static_transform_publisher script to /home/student/ros2_ws/install/my_robot_controller/lib/my_robot_controller
[4.380s] Installing stm32_bridge script to /home/student/ros2_ws/install/my_robot_controller/lib/my_robot_controller
[4.380s] Installing system_monitor script to /home/student/ros2_ws/install/my_robot_controller/lib/my_robot_controller
[4.381s] Installing temperature_sensor script to /home/student/ros2_ws/install/my_robot_controller/lib/my_robot_controller
[4.381s] Installing traffic_light script to /home/student/ros2_ws/install/my_robot_controller/lib/my_robot_controller
[4.382s] Installing wheel_odometry script to /home/student/ros2_ws/install/my_robot_controller/lib/my_robot_controller
[4.382s] 
[4.382s] Installed /home/student/ros2_ws/build/my_robot_controller
[4.382s] running symlink_data
[4.383s] creating /home/student/ros2_ws/install/my_robot_controller/share/my_robot_controller/urdf
[4.484s] Invoked command in '/home/student/ros2_ws/build/my_robot_controller' returned '0': PYTHONPATH=/home/student/ros2_ws/build/my_robot_controller/prefix_override:/usr/lib/python3/dist-packages/colcon_core/task/python/colcon_distutils_commands:/home/student/ros2_ws/install/my_robot_controller/lib/python3.12/site-packages:${PYTHONPATH} /usr/bin/python3 -W ignore:setup.py install is deprecated -W ignore:easy_install command is deprecated setup.py develop --editable --build-directory /home/student/ros2_ws/build/my_robot_controller/build --no-deps symlink_data
