[0.970s] Invoking command in '/home/student/ros2_ws/build/my_robot_controller': PYTHONPATH=/home/student/ros2_ws/build/my_robot_controller/prefix_override:/usr/lib/python3/dist-packages/colcon_core/task/python/colcon_distutils_commands:/home/student/ros2_ws/install/my_robot_controller/lib/python3.12/site-packages:${PYTHONPATH} /usr/bin/python3 -W ignore:setup.py install is deprecated -W ignore:easy_install command is deprecated setup.py develop --editable --build-directory /home/student/ros2_ws/build/my_robot_controller/build --no-deps symlink_data
[1.346s] running develop
[1.599s] running egg_info
[1.621s] writing my_robot_controller.egg-info/PKG-INFO
[1.622s] writing dependency_links to my_robot_controller.egg-info/dependency_links.txt
[1.623s] writing entry points to my_robot_controller.egg-info/entry_points.txt
[1.623s] writing requirements to my_robot_controller.egg-info/requires.txt
[1.623s] writing top-level names to my_robot_controller.egg-info/top_level.txt
[1.683s] reading manifest file 'my_robot_controller.egg-info/SOURCES.txt'
[1.685s] writing manifest file 'my_robot_controller.egg-info/SOURCES.txt'
[1.709s] running build_ext
[1.709s] Creating /home/student/ros2_ws/install/my_robot_controller/lib/python3.12/site-packages/my-robot-controller.egg-link (link to .)
[1.710s] Installing battery_node script to /home/student/ros2_ws/install/my_robot_controller/lib/my_robot_controller
[1.711s] Installing calibration_helper script to /home/student/ros2_ws/install/my_robot_controller/lib/my_robot_controller
[1.711s] Installing car script to /home/student/ros2_ws/install/my_robot_controller/lib/my_robot_controller
[1.711s] Installing encoder_simulator script to /home/student/ros2_ws/install/my_robot_controller/lib/my_robot_controller
[1.711s] Installing imu_reader script to /home/student/ros2_ws/install/my_robot_controller/lib/my_robot_controller
[1.712s] Installing imu_simulator script to /home/student/ros2_ws/install/my_robot_controller/lib/my_robot_controller
[1.712s] Installing lidar_processor script to /home/student/ros2_ws/install/my_robot_controller/lib/my_robot_controller
[1.712s] Installing lidar_room_simulator script to /home/student/ros2_ws/install/my_robot_controller/lib/my_robot_controller
[1.713s] Installing lidar_simulator script to /home/student/ros2_ws/install/my_robot_controller/lib/my_robot_controller
[1.713s] Installing my_first_node script to /home/student/ros2_ws/install/my_robot_controller/lib/my_robot_controller
[1.713s] Installing my_second_node script to /home/student/ros2_ws/install/my_robot_controller/lib/my_robot_controller
[1.713s] Installing robot_news_station script to /home/student/ros2_ws/install/my_robot_controller/lib/my_robot_controller
[1.713s] Installing sensor_fusion script to /home/student/ros2_ws/install/my_robot_controller/lib/my_robot_controller
[1.713s] Installing smartphone script to /home/student/ros2_ws/install/my_robot_controller/lib/my_robot_controller
[1.714s] Installing static_transform_publisher script to /home/student/ros2_ws/install/my_robot_controller/lib/my_robot_controller
[1.714s] Installing stm32_bridge script to /home/student/ros2_ws/install/my_robot_controller/lib/my_robot_controller
[1.714s] Installing system_monitor script to /home/student/ros2_ws/install/my_robot_controller/lib/my_robot_controller
[1.714s] Installing temperature_sensor script to /home/student/ros2_ws/install/my_robot_controller/lib/my_robot_controller
[1.715s] Installing traffic_light script to /home/student/ros2_ws/install/my_robot_controller/lib/my_robot_controller
[1.715s] Installing wheel_odometry script to /home/student/ros2_ws/install/my_robot_controller/lib/my_robot_controller
[1.715s] 
[1.715s] Installed /home/student/ros2_ws/build/my_robot_controller
[1.715s] running symlink_data
[1.752s] Invoked command in '/home/student/ros2_ws/build/my_robot_controller' returned '0': PYTHONPATH=/home/student/ros2_ws/build/my_robot_controller/prefix_override:/usr/lib/python3/dist-packages/colcon_core/task/python/colcon_distutils_commands:/home/student/ros2_ws/install/my_robot_controller/lib/python3.12/site-packages:${PYTHONPATH} /usr/bin/python3 -W ignore:setup.py install is deprecated -W ignore:easy_install command is deprecated setup.py develop --editable --build-directory /home/student/ros2_ws/build/my_robot_controller/build --no-deps symlink_data
