running develop
running egg_info
writing my_robot_controller.egg-info/PKG-INFO
writing dependency_links to my_robot_controller.egg-info/dependency_links.txt
writing entry points to my_robot_controller.egg-info/entry_points.txt
writing requirements to my_robot_controller.egg-info/requires.txt
writing top-level names to my_robot_controller.egg-info/top_level.txt
reading manifest file 'my_robot_controller.egg-info/SOURCES.txt'
writing manifest file 'my_robot_controller.egg-info/SOURCES.txt'
running build_ext
Creating /home/student/ros2_ws/install/my_robot_controller/lib/python3.12/site-packages/my-robot-controller.egg-link (link to .)
Installing battery_node script to /home/student/ros2_ws/install/my_robot_controller/lib/my_robot_controller
Installing car script to /home/student/ros2_ws/install/my_robot_controller/lib/my_robot_controller
Installing encoder_simulator script to /home/student/ros2_ws/install/my_robot_controller/lib/my_robot_controller
Installing imu_reader script to /home/student/ros2_ws/install/my_robot_controller/lib/my_robot_controller
Installing imu_simulator script to /home/student/ros2_ws/install/my_robot_controller/lib/my_robot_controller
Installing lidar_simulator script to /home/student/ros2_ws/install/my_robot_controller/lib/my_robot_controller
Installing my_first_node script to /home/student/ros2_ws/install/my_robot_controller/lib/my_robot_controller
Installing my_second_node script to /home/student/ros2_ws/install/my_robot_controller/lib/my_robot_controller
Installing robot_news_station script to /home/student/ros2_ws/install/my_robot_controller/lib/my_robot_controller
Installing smartphone script to /home/student/ros2_ws/install/my_robot_controller/lib/my_robot_controller
Installing static_transform_publisher script to /home/student/ros2_ws/install/my_robot_controller/lib/my_robot_controller
Installing stm32_bridge script to /home/student/ros2_ws/install/my_robot_controller/lib/my_robot_controller
Installing system_monitor script to /home/student/ros2_ws/install/my_robot_controller/lib/my_robot_controller
Installing temperature_sensor script to /home/student/ros2_ws/install/my_robot_controller/lib/my_robot_controller
Installing traffic_light script to /home/student/ros2_ws/install/my_robot_controller/lib/my_robot_controller
Installing wheel_odometry script to /home/student/ros2_ws/install/my_robot_controller/lib/my_robot_controller

Installed /home/student/ros2_ws/build/my_robot_controller
running symlink_data
symbolically linking /home/student/ros2_ws/build/my_robot_controller/launch/view_robot.launch.py -> /home/student/ros2_ws/install/my_robot_controller/share/my_robot_controller/launch
symbolically linking /home/student/ros2_ws/build/my_robot_controller/urdf/simple_robot.urdf -> /home/student/ros2_ws/install/my_robot_controller/share/my_robot_controller/urdf
