[0.959s] Invoking command in '/home/student/ros2_ws/src/exam_robot': PYTHONPATH=/home/student/ros2_ws/build/exam_robot/prefix_override:/usr/lib/python3/dist-packages/colcon_core/task/python/colcon_distutils_commands:/home/student/ros2_ws/install/exam_robot/lib/python3.12/site-packages:${PYTHONPATH} /usr/bin/python3 -W ignore:setup.py install is deprecated -W ignore:easy_install command is deprecated setup.py egg_info --egg-base ../../build/exam_robot build --build-base /home/student/ros2_ws/build/exam_robot/build install --record /home/student/ros2_ws/build/exam_robot/install.log --single-version-externally-managed install_data
[1.284s] running egg_info
[1.308s] writing ../../build/exam_robot/exam_robot.egg-info/PKG-INFO
[1.309s] writing dependency_links to ../../build/exam_robot/exam_robot.egg-info/dependency_links.txt
[1.309s] writing entry points to ../../build/exam_robot/exam_robot.egg-info/entry_points.txt
[1.310s] writing requirements to ../../build/exam_robot/exam_robot.egg-info/requires.txt
[1.310s] writing top-level names to ../../build/exam_robot/exam_robot.egg-info/top_level.txt
[1.461s] reading manifest file '../../build/exam_robot/exam_robot.egg-info/SOURCES.txt'
[1.462s] writing manifest file '../../build/exam_robot/exam_robot.egg-info/SOURCES.txt'
[1.462s] running build
[1.462s] running build_py
[1.463s] copying exam_robot/robot_controller.py -> /home/student/ros2_ws/build/exam_robot/build/lib/exam_robot
[1.463s] running install
[1.470s] running install_lib
[1.495s] copying /home/student/ros2_ws/build/exam_robot/build/lib/exam_robot/robot_controller.py -> /home/student/ros2_ws/install/exam_robot/lib/python3.12/site-packages/exam_robot
[1.495s] byte-compiling /home/student/ros2_ws/install/exam_robot/lib/python3.12/site-packages/exam_robot/distance_sensor.py to distance_sensor.cpython-312.pyc
[1.496s]   File "/home/student/ros2_ws/install/exam_robot/lib/python3.12/site-packages/exam_robot/distance_sensor.py", line 37
[1.496s]     elif self.distance = 3.0
[1.496s]          ^^^^^^^^^^^^^
[1.496s] SyntaxError: cannot assign to attribute here. Maybe you meant '==' instead of '='?
[1.496s] 
[1.496s] byte-compiling /home/student/ros2_ws/install/exam_robot/lib/python3.12/site-packages/exam_robot/robot_controller.py to robot_controller.cpython-312.pyc
[1.497s] running install_data
[1.497s] running install_egg_info
[1.523s] removing '/home/student/ros2_ws/install/exam_robot/lib/python3.12/site-packages/exam_robot-0.0.0-py3.12.egg-info' (and everything under it)
[1.524s] Copying ../../build/exam_robot/exam_robot.egg-info to /home/student/ros2_ws/install/exam_robot/lib/python3.12/site-packages/exam_robot-0.0.0-py3.12.egg-info
[1.526s] running install_scripts
[1.595s] Installing battey_node script to /home/student/ros2_ws/install/exam_robot/lib/exam_robot
[1.595s] Installing distance_sensor script to /home/student/ros2_ws/install/exam_robot/lib/exam_robot
[1.595s] Installing robot_controller script to /home/student/ros2_ws/install/exam_robot/lib/exam_robot
[1.595s] Installing status_display script to /home/student/ros2_ws/install/exam_robot/lib/exam_robot
[1.596s] writing list of installed files to '/home/student/ros2_ws/build/exam_robot/install.log'
[1.622s] Invoked command in '/home/student/ros2_ws/src/exam_robot' returned '0': PYTHONPATH=/home/student/ros2_ws/build/exam_robot/prefix_override:/usr/lib/python3/dist-packages/colcon_core/task/python/colcon_distutils_commands:/home/student/ros2_ws/install/exam_robot/lib/python3.12/site-packages:${PYTHONPATH} /usr/bin/python3 -W ignore:setup.py install is deprecated -W ignore:easy_install command is deprecated setup.py egg_info --egg-base ../../build/exam_robot build --build-base /home/student/ros2_ws/build/exam_robot/build install --record /home/student/ros2_ws/build/exam_robot/install.log --single-version-externally-managed install_data
