[1.270s] Invoking command in '/home/student/ros2_ws/build/my_robot_controller': PYTHONPATH=/home/student/ros2_ws/build/my_robot_controller/prefix_override:/usr/lib/python3/dist-packages/colcon_core/task/python/colcon_distutils_commands:/home/student/ros2_ws/install/my_robot_controller/lib/python3.12/site-packages:${PYTHONPATH} /usr/bin/python3 -W ignore:setup.py install is deprecated -W ignore:easy_install command is deprecated setup.py develop --editable --build-directory /home/student/ros2_ws/build/my_robot_controller/build --no-deps symlink_data
[1.664s] running develop
[1.914s] running egg_info
[1.914s] creating my_robot_controller.egg-info
[1.938s] writing my_robot_controller.egg-info/PKG-INFO
[1.938s] writing dependency_links to my_robot_controller.egg-info/dependency_links.txt
[1.938s] writing entry points to my_robot_controller.egg-info/entry_points.txt
[1.939s] writing requirements to my_robot_controller.egg-info/requires.txt
[1.939s] writing top-level names to my_robot_controller.egg-info/top_level.txt
[1.944s] writing manifest file 'my_robot_controller.egg-info/SOURCES.txt'
[1.992s] reading manifest file 'my_robot_controller.egg-info/SOURCES.txt'
[1.993s] writing manifest file 'my_robot_controller.egg-info/SOURCES.txt'
[2.018s] running build_ext
[2.019s] Creating /home/student/ros2_ws/install/my_robot_controller/lib/python3.12/site-packages/my-robot-controller.egg-link (link to .)
[2.020s] Installing my_first_node script to /home/student/ros2_ws/install/my_robot_controller/lib/my_robot_controller
[2.021s] 
[2.022s] Installed /home/student/ros2_ws/build/my_robot_controller
[2.022s] running symlink_data
[2.022s] creating /home/student/ros2_ws/install/my_robot_controller/share/ament_index
[2.022s] creating /home/student/ros2_ws/install/my_robot_controller/share/ament_index/resource_index
[2.022s] creating /home/student/ros2_ws/install/my_robot_controller/share/ament_index/resource_index/packages
[2.023s] symbolically linking /home/student/ros2_ws/build/my_robot_controller/resource/my_robot_controller -> /home/student/ros2_ws/install/my_robot_controller/share/ament_index/resource_index/packages
[2.023s] symbolically linking /home/student/ros2_ws/build/my_robot_controller/package.xml -> /home/student/ros2_ws/install/my_robot_controller/share/my_robot_controller
[2.054s] Invoked command in '/home/student/ros2_ws/build/my_robot_controller' returned '0': PYTHONPATH=/home/student/ros2_ws/build/my_robot_controller/prefix_override:/usr/lib/python3/dist-packages/colcon_core/task/python/colcon_distutils_commands:/home/student/ros2_ws/install/my_robot_controller/lib/python3.12/site-packages:${PYTHONPATH} /usr/bin/python3 -W ignore:setup.py install is deprecated -W ignore:easy_install command is deprecated setup.py develop --editable --build-directory /home/student/ros2_ws/build/my_robot_controller/build --no-deps symlink_data
