[1.315s] Invoking command in '/home/student/ros2_ws/build/exam_robot': PYTHONPATH=/home/student/ros2_ws/build/exam_robot/prefix_override:/usr/lib/python3/dist-packages/colcon_core/task/python/colcon_distutils_commands:/home/student/ros2_ws/install/exam_robot/lib/python3.12/site-packages:${PYTHONPATH} /usr/bin/python3 -W ignore:setup.py install is deprecated -W ignore:easy_install command is deprecated setup.py develop --editable --build-directory /home/student/ros2_ws/build/exam_robot/build --no-deps symlink_data
[1.712s] running develop
[1.988s] running egg_info
[2.011s] writing exam_robot.egg-info/PKG-INFO
[2.012s] writing dependency_links to exam_robot.egg-info/dependency_links.txt
[2.012s] writing entry points to exam_robot.egg-info/entry_points.txt
[2.012s] writing requirements to exam_robot.egg-info/requires.txt
[2.012s] writing top-level names to exam_robot.egg-info/top_level.txt
[2.069s] reading manifest file 'exam_robot.egg-info/SOURCES.txt'
[2.070s] writing manifest file 'exam_robot.egg-info/SOURCES.txt'
[2.095s] running build_ext
[2.095s] Creating /home/student/ros2_ws/install/exam_robot/lib/python3.12/site-packages/exam-robot.egg-link (link to .)
[2.096s] Installing battery_node script to /home/student/ros2_ws/install/exam_robot/lib/exam_robot
[2.096s] Installing distance_sensor script to /home/student/ros2_ws/install/exam_robot/lib/exam_robot
[2.096s] Installing robot_controller script to /home/student/ros2_ws/install/exam_robot/lib/exam_robot
[2.096s] Installing status_display script to /home/student/ros2_ws/install/exam_robot/lib/exam_robot
[2.097s] 
[2.097s] Installed /home/student/ros2_ws/build/exam_robot
[2.097s] running symlink_data
[2.130s] Invoked command in '/home/student/ros2_ws/build/exam_robot' returned '0': PYTHONPATH=/home/student/ros2_ws/build/exam_robot/prefix_override:/usr/lib/python3/dist-packages/colcon_core/task/python/colcon_distutils_commands:/home/student/ros2_ws/install/exam_robot/lib/python3.12/site-packages:${PYTHONPATH} /usr/bin/python3 -W ignore:setup.py install is deprecated -W ignore:easy_install command is deprecated setup.py develop --editable --build-directory /home/student/ros2_ws/build/exam_robot/build --no-deps symlink_data
