[1.996s] Invoking command in '/home/student/ros2_ws/build/my_robot_controller': PYTHONPATH=/home/student/ros2_ws/build/my_robot_controller/prefix_override:/usr/lib/python3/dist-packages/colcon_core/task/python/colcon_distutils_commands:/home/student/ros2_ws/install/my_robot_controller/lib/python3.12/site-packages:${PYTHONPATH} /usr/bin/python3 -W ignore:setup.py install is deprecated -W ignore:easy_install command is deprecated setup.py develop --editable --build-directory /home/student/ros2_ws/build/my_robot_controller/build --no-deps symlink_data
[2.598s] running develop
[3.010s] running egg_info
[3.050s] writing my_robot_controller.egg-info/PKG-INFO
[3.051s] writing dependency_links to my_robot_controller.egg-info/dependency_links.txt
[3.051s] writing entry points to my_robot_controller.egg-info/entry_points.txt
[3.051s] writing requirements to my_robot_controller.egg-info/requires.txt
[3.052s] writing top-level names to my_robot_controller.egg-info/top_level.txt
[3.138s] reading manifest file 'my_robot_controller.egg-info/SOURCES.txt'
[3.140s] writing manifest file 'my_robot_controller.egg-info/SOURCES.txt'
[3.178s] running build_ext
[3.178s] Creating /home/student/ros2_ws/install/my_robot_controller/lib/python3.12/site-packages/my-robot-controller.egg-link (link to .)
[3.179s] Installing my_first_node script to /home/student/ros2_ws/install/my_robot_controller/lib/my_robot_controller
[3.180s] Installing my_second_node script to /home/student/ros2_ws/install/my_robot_controller/lib/my_robot_controller
[3.181s] Installing robot_news_station script to /home/student/ros2_ws/install/my_robot_controller/lib/my_robot_controller
[3.181s] Installing smartphone script to /home/student/ros2_ws/install/my_robot_controller/lib/my_robot_controller
[3.183s] Installing temperature_sensor script to /home/student/ros2_ws/install/my_robot_controller/lib/my_robot_controller
[3.183s] 
[3.184s] Installed /home/student/ros2_ws/build/my_robot_controller
[3.184s] running symlink_data
[3.225s] Invoked command in '/home/student/ros2_ws/build/my_robot_controller' returned '0': PYTHONPATH=/home/student/ros2_ws/build/my_robot_controller/prefix_override:/usr/lib/python3/dist-packages/colcon_core/task/python/colcon_distutils_commands:/home/student/ros2_ws/install/my_robot_controller/lib/python3.12/site-packages:${PYTHONPATH} /usr/bin/python3 -W ignore:setup.py install is deprecated -W ignore:easy_install command is deprecated setup.py develop --editable --build-directory /home/student/ros2_ws/build/my_robot_controller/build --no-deps symlink_data
