running egg_info
creating ../../build/exam_robot/exam_robot.egg-info
writing ../../build/exam_robot/exam_robot.egg-info/PKG-INFO
writing dependency_links to ../../build/exam_robot/exam_robot.egg-info/dependency_links.txt
writing entry points to ../../build/exam_robot/exam_robot.egg-info/entry_points.txt
writing requirements to ../../build/exam_robot/exam_robot.egg-info/requires.txt
writing top-level names to ../../build/exam_robot/exam_robot.egg-info/top_level.txt
writing manifest file '../../build/exam_robot/exam_robot.egg-info/SOURCES.txt'
reading manifest file '../../build/exam_robot/exam_robot.egg-info/SOURCES.txt'
writing manifest file '../../build/exam_robot/exam_robot.egg-info/SOURCES.txt'
running build
running build_py
creating /home/student/ros2_ws/build/exam_robot/build
creating /home/student/ros2_ws/build/exam_robot/build/lib
creating /home/student/ros2_ws/build/exam_robot/build/lib/exam_robot
copying exam_robot/distance_sensor.py -> /home/student/ros2_ws/build/exam_robot/build/lib/exam_robot
copying exam_robot/robot_controller.py -> /home/student/ros2_ws/build/exam_robot/build/lib/exam_robot
copying exam_robot/status_display.py -> /home/student/ros2_ws/build/exam_robot/build/lib/exam_robot
copying exam_robot/battery_node.py -> /home/student/ros2_ws/build/exam_robot/build/lib/exam_robot
copying exam_robot/__init__.py -> /home/student/ros2_ws/build/exam_robot/build/lib/exam_robot
running install
running install_lib
creating /home/student/ros2_ws/install/exam_robot/lib/python3.12/site-packages/exam_robot
copying /home/student/ros2_ws/build/exam_robot/build/lib/exam_robot/distance_sensor.py -> /home/student/ros2_ws/install/exam_robot/lib/python3.12/site-packages/exam_robot
copying /home/student/ros2_ws/build/exam_robot/build/lib/exam_robot/robot_controller.py -> /home/student/ros2_ws/install/exam_robot/lib/python3.12/site-packages/exam_robot
copying /home/student/ros2_ws/build/exam_robot/build/lib/exam_robot/status_display.py -> /home/student/ros2_ws/install/exam_robot/lib/python3.12/site-packages/exam_robot
copying /home/student/ros2_ws/build/exam_robot/build/lib/exam_robot/battery_node.py -> /home/student/ros2_ws/install/exam_robot/lib/python3.12/site-packages/exam_robot
copying /home/student/ros2_ws/build/exam_robot/build/lib/exam_robot/__init__.py -> /home/student/ros2_ws/install/exam_robot/lib/python3.12/site-packages/exam_robot
byte-compiling /home/student/ros2_ws/install/exam_robot/lib/python3.12/site-packages/exam_robot/distance_sensor.py to distance_sensor.cpython-312.pyc
byte-compiling /home/student/ros2_ws/install/exam_robot/lib/python3.12/site-packages/exam_robot/robot_controller.py to robot_controller.cpython-312.pyc
byte-compiling /home/student/ros2_ws/install/exam_robot/lib/python3.12/site-packages/exam_robot/status_display.py to status_display.cpython-312.pyc
byte-compiling /home/student/ros2_ws/install/exam_robot/lib/python3.12/site-packages/exam_robot/battery_node.py to battery_node.cpython-312.pyc
byte-compiling /home/student/ros2_ws/install/exam_robot/lib/python3.12/site-packages/exam_robot/__init__.py to __init__.cpython-312.pyc
running install_data
creating /home/student/ros2_ws/install/exam_robot/share/ament_index
creating /home/student/ros2_ws/install/exam_robot/share/ament_index/resource_index
creating /home/student/ros2_ws/install/exam_robot/share/ament_index/resource_index/packages
copying resource/exam_robot -> /home/student/ros2_ws/install/exam_robot/share/ament_index/resource_index/packages
copying package.xml -> /home/student/ros2_ws/install/exam_robot/share/exam_robot
running install_egg_info
Copying ../../build/exam_robot/exam_robot.egg-info to /home/student/ros2_ws/install/exam_robot/lib/python3.12/site-packages/exam_robot-0.0.0-py3.12.egg-info
running install_scripts
Installing battey_node script to /home/student/ros2_ws/install/exam_robot/lib/exam_robot
Installing distance_sensor script to /home/student/ros2_ws/install/exam_robot/lib/exam_robot
Installing robot_controller script to /home/student/ros2_ws/install/exam_robot/lib/exam_robot
Installing status_display script to /home/student/ros2_ws/install/exam_robot/lib/exam_robot
writing list of installed files to '/home/student/ros2_ws/build/exam_robot/install.log'
