[1.377s] Invoking command in '/home/student/ros2_ws/src/exam_robot': PYTHONPATH=/home/student/ros2_ws/build/exam_robot/prefix_override:/usr/lib/python3/dist-packages/colcon_core/task/python/colcon_distutils_commands:/home/student/ros2_ws/install/exam_robot/lib/python3.12/site-packages:${PYTHONPATH} /usr/bin/python3 -W ignore:setup.py install is deprecated -W ignore:easy_install command is deprecated setup.py egg_info --egg-base ../../build/exam_robot build --build-base /home/student/ros2_ws/build/exam_robot/build install --record /home/student/ros2_ws/build/exam_robot/install.log --single-version-externally-managed install_data
[1.689s] running egg_info
[1.689s] creating ../../build/exam_robot/exam_robot.egg-info
[1.711s] writing ../../build/exam_robot/exam_robot.egg-info/PKG-INFO
[1.711s] writing dependency_links to ../../build/exam_robot/exam_robot.egg-info/dependency_links.txt
[1.712s] writing entry points to ../../build/exam_robot/exam_robot.egg-info/entry_points.txt
[1.712s] writing requirements to ../../build/exam_robot/exam_robot.egg-info/requires.txt
[1.712s] writing top-level names to ../../build/exam_robot/exam_robot.egg-info/top_level.txt
[1.821s] writing manifest file '../../build/exam_robot/exam_robot.egg-info/SOURCES.txt'
[1.868s] reading manifest file '../../build/exam_robot/exam_robot.egg-info/SOURCES.txt'
[1.868s] writing manifest file '../../build/exam_robot/exam_robot.egg-info/SOURCES.txt'
[1.869s] running build
[1.869s] running build_py
[1.869s] creating /home/student/ros2_ws/build/exam_robot/build
[1.870s] creating /home/student/ros2_ws/build/exam_robot/build/lib
[1.870s] creating /home/student/ros2_ws/build/exam_robot/build/lib/exam_robot
[1.870s] copying exam_robot/distance_sensor.py -> /home/student/ros2_ws/build/exam_robot/build/lib/exam_robot
[1.871s] copying exam_robot/robot_controller.py -> /home/student/ros2_ws/build/exam_robot/build/lib/exam_robot
[1.871s] copying exam_robot/status_display.py -> /home/student/ros2_ws/build/exam_robot/build/lib/exam_robot
[1.871s] copying exam_robot/battery_node.py -> /home/student/ros2_ws/build/exam_robot/build/lib/exam_robot
[1.871s] copying exam_robot/__init__.py -> /home/student/ros2_ws/build/exam_robot/build/lib/exam_robot
[1.872s] running install
[1.878s] running install_lib
[1.900s] creating /home/student/ros2_ws/install/exam_robot/lib/python3.12/site-packages/exam_robot
[1.901s] copying /home/student/ros2_ws/build/exam_robot/build/lib/exam_robot/distance_sensor.py -> /home/student/ros2_ws/install/exam_robot/lib/python3.12/site-packages/exam_robot
[1.901s] copying /home/student/ros2_ws/build/exam_robot/build/lib/exam_robot/robot_controller.py -> /home/student/ros2_ws/install/exam_robot/lib/python3.12/site-packages/exam_robot
[1.901s] copying /home/student/ros2_ws/build/exam_robot/build/lib/exam_robot/status_display.py -> /home/student/ros2_ws/install/exam_robot/lib/python3.12/site-packages/exam_robot
[1.901s] copying /home/student/ros2_ws/build/exam_robot/build/lib/exam_robot/battery_node.py -> /home/student/ros2_ws/install/exam_robot/lib/python3.12/site-packages/exam_robot
[1.902s] copying /home/student/ros2_ws/build/exam_robot/build/lib/exam_robot/__init__.py -> /home/student/ros2_ws/install/exam_robot/lib/python3.12/site-packages/exam_robot
[1.902s] byte-compiling /home/student/ros2_ws/install/exam_robot/lib/python3.12/site-packages/exam_robot/distance_sensor.py to distance_sensor.cpython-312.pyc
[1.903s] byte-compiling /home/student/ros2_ws/install/exam_robot/lib/python3.12/site-packages/exam_robot/robot_controller.py to robot_controller.cpython-312.pyc
[1.903s] byte-compiling /home/student/ros2_ws/install/exam_robot/lib/python3.12/site-packages/exam_robot/status_display.py to status_display.cpython-312.pyc
[1.904s] byte-compiling /home/student/ros2_ws/install/exam_robot/lib/python3.12/site-packages/exam_robot/battery_node.py to battery_node.cpython-312.pyc
[1.904s] byte-compiling /home/student/ros2_ws/install/exam_robot/lib/python3.12/site-packages/exam_robot/__init__.py to __init__.cpython-312.pyc
[1.904s] running install_data
[1.905s] creating /home/student/ros2_ws/install/exam_robot/share/ament_index
[1.905s] creating /home/student/ros2_ws/install/exam_robot/share/ament_index/resource_index
[1.905s] creating /home/student/ros2_ws/install/exam_robot/share/ament_index/resource_index/packages
[1.905s] copying resource/exam_robot -> /home/student/ros2_ws/install/exam_robot/share/ament_index/resource_index/packages
[1.906s] copying package.xml -> /home/student/ros2_ws/install/exam_robot/share/exam_robot
[1.906s] running install_egg_info
[1.931s] Copying ../../build/exam_robot/exam_robot.egg-info to /home/student/ros2_ws/install/exam_robot/lib/python3.12/site-packages/exam_robot-0.0.0-py3.12.egg-info
[1.933s] running install_scripts
[1.997s] Installing battey_node script to /home/student/ros2_ws/install/exam_robot/lib/exam_robot
[1.997s] Installing distance_sensor script to /home/student/ros2_ws/install/exam_robot/lib/exam_robot
[1.998s] Installing robot_controller script to /home/student/ros2_ws/install/exam_robot/lib/exam_robot
[1.998s] Installing status_display script to /home/student/ros2_ws/install/exam_robot/lib/exam_robot
[1.998s] writing list of installed files to '/home/student/ros2_ws/build/exam_robot/install.log'
[2.024s] Invoked command in '/home/student/ros2_ws/src/exam_robot' returned '0': PYTHONPATH=/home/student/ros2_ws/build/exam_robot/prefix_override:/usr/lib/python3/dist-packages/colcon_core/task/python/colcon_distutils_commands:/home/student/ros2_ws/install/exam_robot/lib/python3.12/site-packages:${PYTHONPATH} /usr/bin/python3 -W ignore:setup.py install is deprecated -W ignore:easy_install command is deprecated setup.py egg_info --egg-base ../../build/exam_robot build --build-base /home/student/ros2_ws/build/exam_robot/build install --record /home/student/ros2_ws/build/exam_robot/install.log --single-version-externally-managed install_data
