[1.328s] Invoking command in '/home/student/ros2_ws/build/my_robot_controller': PYTHONPATH=/home/student/ros2_ws/build/my_robot_controller/prefix_override:/usr/lib/python3/dist-packages/colcon_core/task/python/colcon_distutils_commands:/home/student/ros2_ws/install/my_robot_controller/lib/python3.12/site-packages:${PYTHONPATH} /usr/bin/python3 -W ignore:setup.py install is deprecated -W ignore:easy_install command is deprecated setup.py develop --editable --build-directory /home/student/ros2_ws/build/my_robot_controller/build --no-deps symlink_data
[1.704s] running develop
[1.969s] running egg_info
[2.001s] writing my_robot_controller.egg-info/PKG-INFO
[2.001s] writing dependency_links to my_robot_controller.egg-info/dependency_links.txt
[2.001s] writing entry points to my_robot_controller.egg-info/entry_points.txt
[2.001s] writing requirements to my_robot_controller.egg-info/requires.txt
[2.002s] writing top-level names to my_robot_controller.egg-info/top_level.txt
[2.057s] reading manifest file 'my_robot_controller.egg-info/SOURCES.txt'
[2.058s] writing manifest file 'my_robot_controller.egg-info/SOURCES.txt'
[2.083s] running build_ext
[2.086s] Creating /home/student/ros2_ws/install/my_robot_controller/lib/python3.12/site-packages/my-robot-controller.egg-link (link to .)
[2.087s] Installing battery_node script to /home/student/ros2_ws/install/my_robot_controller/lib/my_robot_controller
[2.088s] Installing calibration_helper script to /home/student/ros2_ws/install/my_robot_controller/lib/my_robot_controller
[2.088s] Installing car script to /home/student/ros2_ws/install/my_robot_controller/lib/my_robot_controller
[2.089s] Installing encoder_simulator script to /home/student/ros2_ws/install/my_robot_controller/lib/my_robot_controller
[2.090s] Installing imu_reader script to /home/student/ros2_ws/install/my_robot_controller/lib/my_robot_controller
[2.090s] Installing imu_simulator script to /home/student/ros2_ws/install/my_robot_controller/lib/my_robot_controller
[2.090s] Installing lidar_simulator script to /home/student/ros2_ws/install/my_robot_controller/lib/my_robot_controller
[2.090s] Installing my_first_node script to /home/student/ros2_ws/install/my_robot_controller/lib/my_robot_controller
[2.091s] Installing my_second_node script to /home/student/ros2_ws/install/my_robot_controller/lib/my_robot_controller
[2.091s] Installing robot_news_station script to /home/student/ros2_ws/install/my_robot_controller/lib/my_robot_controller
[2.091s] Installing sensor_fusion script to /home/student/ros2_ws/install/my_robot_controller/lib/my_robot_controller
[2.092s] Installing smartphone script to /home/student/ros2_ws/install/my_robot_controller/lib/my_robot_controller
[2.092s] Installing static_transform_publisher script to /home/student/ros2_ws/install/my_robot_controller/lib/my_robot_controller
[2.093s] Installing stm32_bridge script to /home/student/ros2_ws/install/my_robot_controller/lib/my_robot_controller
[2.093s] Installing system_monitor script to /home/student/ros2_ws/install/my_robot_controller/lib/my_robot_controller
[2.093s] Installing temperature_sensor script to /home/student/ros2_ws/install/my_robot_controller/lib/my_robot_controller
[2.093s] Installing traffic_light script to /home/student/ros2_ws/install/my_robot_controller/lib/my_robot_controller
[2.093s] Installing wheel_odometry script to /home/student/ros2_ws/install/my_robot_controller/lib/my_robot_controller
[2.094s] 
[2.094s] Installed /home/student/ros2_ws/build/my_robot_controller
[2.094s] running symlink_data
[2.124s] Invoked command in '/home/student/ros2_ws/build/my_robot_controller' returned '0': PYTHONPATH=/home/student/ros2_ws/build/my_robot_controller/prefix_override:/usr/lib/python3/dist-packages/colcon_core/task/python/colcon_distutils_commands:/home/student/ros2_ws/install/my_robot_controller/lib/python3.12/site-packages:${PYTHONPATH} /usr/bin/python3 -W ignore:setup.py install is deprecated -W ignore:easy_install command is deprecated setup.py develop --editable --build-directory /home/student/ros2_ws/build/my_robot_controller/build --no-deps symlink_data
